Starting parallel_HailMary
-------- 10000 Days --------
SERIAL RESULTS

real	0m0.836s
user	0m0.834s
sys	0m0.000s

PARALLEL RESULTS

real	0m0.450s
user	0m14.144s
sys	0m0.012s

-------- 100000 Days --------
SERIAL RESULTS

real	0m8.461s
user	0m8.455s
sys	0m0.004s

PARALLELL RESULTS

real	0m4.536s
user	2m24.647s
sys	0m0.228s

-------- 1000000 Days --------
SERIAL RESULTS

real	1m24.713s
user	1m24.698s
sys	0m0.012s

PARALLEL RESULTS

real	0m48.029s
user	25m34.691s
sys	0m1.808s

-------- 10000000 Days --------
SERIAL RESULTS

real	14m12.983s
user	14m12.957s
sys	0m0.008s

PARALLEL RESULTS

real	7m51.954s
user	251m22.039s
sys	0m17.055s

Finished parallel_HailMary
