Starting parallel1
-------- 10000 Days --------
SERIAL RESULTS

real	0m0.825s
user	0m0.819s
sys	0m0.004s

PARALLEL RESULTS

real	0m1.526s
user	0m48.629s
sys	0m0.016s

-------- 100000 Days --------
SERIAL RESULTS

real	0m8.374s
user	0m8.373s
sys	0m0.000s

PARALLELL RESULTS

real	0m15.349s
user	8m10.841s
sys	0m0.128s

-------- 1000000 Days --------
SERIAL RESULTS

real	1m25.314s
user	1m25.308s
sys	0m0.004s

PARALLEL RESULTS

real	2m32.951s
user	81m31.673s
sys	0m0.996s

-------- 10000000 Days --------
SERIAL RESULTS

real	13m48.654s
user	13m48.631s
sys	0m0.004s

PARALLEL RESULTS

real	25m27.631s
user	814m20.426s
sys	0m11.059s

Finished Parallel1
