Starting Verification

rm: cannot remove 'numInfectedAtEnd.txt': No such file or directory
-------- SERIAL_V1 RESULTS (everything compared against these..) -------
infectionsAtEnd:  [256, 256, 256, 256, 256]
Mean, Stdev below:
256 0.0
-------- PARALELL_V1 RESULTS -------
infectionsAtEnd:  [256, 256, 256, 256, 256]
Mean, Stdev below:
256 0.0
Compare Stdev difference with Serial: 0
Compare Mean difference with Serial: 0

-------- PARALELL_V2 RESULTS -------
infectionsAtEnd:  [783, 783, 783, 783, 783]
Mean, Stdev below:
783 0.0
Compare Stdev difference with Serial: 0
Compare Mean difference with Serial: -527

-------- PARALELL_V3 RESULTS -------
infectionsAtEnd:  [816, 816, 816, 812, 818]
Mean, Stdev below:
815.6 2.1908902300206643
Compare Stdev difference with Serial: -2.19089
Compare Mean difference with Serial: -559.6

-------- PARALELL_V4 RESULTS -------
infectionsAtEnd:  [818, 818, 818, 818, 818]
Mean, Stdev below:
818 0.0
Compare Stdev difference with Serial: 0
Compare Mean difference with Serial: -562

-------- PARALELL_V5 RESULTS -------
infectionsAtEnd:  [799, 799, 799, 799, 799]
Mean, Stdev below:
799 0.0
Compare Stdev difference with Serial: 0
Compare Mean difference with Serial: -543

-------- PARALELL_V6 RESULTS -------
infectionsAtEnd:  [799, 799, 799, 799, 799]
Mean, Stdev below:
799 0.0
Compare Stdev difference with Serial: 0
Compare Mean difference with Serial: -543

-------- PARALELL_V6_RNGChange RESULTS -------
infectionsAtEnd:  [819, 819, 819, 819, 819]
Mean, Stdev below:
819 0.0
Compare Stdev difference with Serial: 0
Compare Mean difference with Serial: -563

-------- PARALELL_V7 RESULTS -------
infectionsAtEnd:  [816, 816, 816, 816, 816]
Mean, Stdev below:
816 0.0
Compare Stdev difference with Serial: 0
Compare Mean difference with Serial: -560

-------- PARALELL_V8 RESULTS -------
infectionsAtEnd:  [816, 816, 816, 816, 816]
Mean, Stdev below:
816 0.0
Compare Stdev difference with Serial: 0
Compare Mean difference with Serial: -560

-------- PARALELL_V9 RESULTS -------
infectionsAtEnd:  [819, 819, 819, 819, 819]
Mean, Stdev below:
819 0.0
Compare Stdev difference with Serial: 0
Compare Mean difference with Serial: -563

-------- SERIAL_V1_O3 RESULTS -------
infectionsAtEnd:  [256, 256, 256, 256, 256]
Mean, Stdev below:
256 0.0
Compare Stdev difference with Serial: 0
Compare Mean difference with Serial: 0

-------- PARALLEL_V1_O3 RESULTS -------
infectionsAtEnd:  [256, 256, 256, 256, 256]
Mean, Stdev below:
256 0.0
Compare Stdev difference with Serial: 0
Compare Mean difference with Serial: 0

-------- PARALLEL_V2_O3 RESULTS -------
infectionsAtEnd:  [810, 810, 810, 810, 820]
Mean, Stdev below:
812 4.47213595499958
Compare Stdev difference with Serial: -4.47214
Compare Mean difference with Serial: -556

-------- SERIAL_V2 (graph restructure) RESULTS -------
infectionsAtEnd:  [256, 256, 256, 256, 256]
Mean, Stdev below:
256 0.0
Compare Stdev difference with Serial: 0
Compare Mean difference with Serial: 0

-------- hail mary results -------
infectionsAtEnd:  [819, 819, 819, 819, 819]
Mean, Stdev below:
819 0.0
Compare Stdev difference with Serial: 0
Compare Mean difference with Serial: -563

Ending Verification
