Starting serial2
rm: cannot remove 'serialOutput': No such file or directory
rm: cannot remove 'serial_v2Output': No such file or directory
-------- 10000 Days --------
SERIAL RESULTS

real	0m0.843s
user	0m0.841s
sys	0m0.000s

SERIAL_V2 RESULTS

real	0m0.854s
user	0m0.846s
sys	0m0.004s
Verifying Results...
diff: ./serialOutput: No such file or directory
diff: ./serial_v2Output: No such file or directory
Serial and serial_v2 output files are DIFFERENT

rm: cannot remove 'serialOutput': No such file or directory
rm: cannot remove 'serial_v2Output': No such file or directory
-------- 100000 Days --------
SERIAL RESULTS

real	0m8.461s
user	0m8.460s
sys	0m0.000s

SERIAL_V2 RESULTS

real	0m9.999s
user	0m9.997s
sys	0m0.000s
Verifying Results...
diff: ./serialOutput: No such file or directory
diff: ./serial_v2Output: No such file or directory
Serial and serial_v2 output files are DIFFERENT

rm: cannot remove 'serialOutput': No such file or directory
rm: cannot remove 'serial_v2Output': No such file or directory
-------- 1000000 Days --------
SERIAL RESULTS

real	1m25.191s
user	1m25.190s
sys	0m0.000s
echo SERIAL_V2 RESULTS

real	1m25.487s
user	1m25.473s
sys	0m0.008s
Verifying Results...
diff: ./serialOutput: No such file or directory
diff: ./serial_v2Output: No such file or directory
Serial and serial_v2 output files are DIFFERENT

rm: cannot remove 'serialOutput': No such file or directory
rm: cannot remove 'serial_v2Output': No such file or directory
-------- 10000000 Days --------
SERIAL RESULTS

real	14m7.778s
user	14m7.752s
sys	0m0.016s

SERIAL_V2 RESULTS

real	14m15.965s
user	14m15.941s
sys	0m0.012s
Verifying Results...
diff: ./serialOutput: No such file or directory
diff: ./serial_v2Output: No such file or directory
Serial and serial_v2 output files are DIFFERENT

Finished Parallel1
