Starting parallel4
rm: cannot remove 'serialOutput': No such file or directory
rm: cannot remove 'parallelOutput': No such file or directory
-------- 1000 Days --------
SERIAL RESULTS

real	0m0.689s
user	0m0.200s
sys	0m0.028s

PARALLEL RESULTS

real	0m0.782s
user	0m24.258s
sys	0m0.072s
Verifying Results...
Serial and parallel output files are DIFFERENT

-------- 10000 Days --------
SERIAL RESULTS

real	0m6.480s
user	0m1.787s
sys	0m0.513s

PARALLEL RESULTS

real	0m8.165s
user	4m15.491s
sys	0m0.932s
Verifying Results...
Serial and parallel output files are DIFFERENT

-------- 100000 Days --------
SERIAL RESULTS

real	1m10.127s
user	0m16.513s
sys	0m6.787s

PARALLELL RESULTS

real	1m24.906s
user	44m17.029s
sys	0m8.285s
Verifying Results...
Serial and parallel output files are DIFFERENT

-------- 1000000 Days --------
SERIAL RESULTS

real	11m30.816s
user	2m35.863s
sys	0m57.299s

PARALLEL RESULTS

real	14m17.455s
user	447m31.212s
sys	1m2.208s
Verifying Results...
Serial and parallel output files are DIFFERENT

Finished Parallel3
