Starting strong_parallel6

------ Serial Results ------

real	28m40.354s
user	28m40.276s
sys	0m0.024s

------ parallel_v6 Results (20 million days) ------

		Cores: 1

real	11m51.723s
user	11m36.164s
sys	0m15.532s
          Cores: 2

real	12m8.192s
user	23m48.445s
sys	0m27.879s
          Cores: 4

real	18m2.388s
user	71m23.206s
sys	0m46.171s
          Cores: 8

real	15m4.432s
user	119m43.639s
sys	0m51.495s
          Cores: 16

real	15m26.698s
user	246m16.522s
sys	0m50.031s
          Cores: 32

real	21m5.477s
user	673m30.536s
sys	1m16.313s
Ending strong_parallel6
