Starting parallel2
-------- 10000 Days --------
SERIAL RESULTS

real	0m0.867s
user	0m0.861s
sys	0m0.004s

PARALLEL RESULTS

real	0m3.860s
user	2m3.236s
sys	0m0.028s

-------- 100000 Days --------
SERIAL RESULTS

real	0m8.512s
user	0m8.506s
sys	0m0.004s

PARALLELL RESULTS

real	0m39.943s
user	21m15.656s
sys	0m0.180s

-------- 1000000 Days --------
SERIAL RESULTS

real	1m24.649s
user	1m24.644s
sys	0m0.000s

PARALLEL RESULTS

real	6m26.256s
user	205m55.264s
sys	0m1.868s

-------- 10000000 Days --------
SERIAL RESULTS

real	14m1.381s
user	14m1.351s
sys	0m0.008s

PARALLEL RESULTS

real	64m54.201s
user	2075m57.726s
sys	0m20.462s

Finished Parallel2
