Starting strong_parallel8

------ Serial Results ------

------ parallel_v8 Results ------

		Cores: 1

real	3m51.372s
user	3m43.923s
sys	0m7.436s
          Cores: 2

real	5m11.492s
user	10m9.040s
sys	0m13.908s
          Cores: 4

real	11m5.313s
user	43m56.670s
sys	0m24.459s
          Cores: 8

real	10m40.475s
user	84m56.582s
sys	0m26.979s
          Cores: 16

real	12m6.624s
user	193m17.014s
sys	0m28.451s
          Cores: 32

real	12m53.726s
user	411m54.793s
sys	0m40.149s
Ending strong_parallel8
