Starting parallel2_O3
rm: cannot remove 'serialOutput': No such file or directory
rm: cannot remove 'parallelOutput': No such file or directory
-------- 1000 Days --------
SERIAL RESULTS

real	0m0.656s
user	0m0.106s
sys	0m0.065s

PARALLEL RESULTS

real	0m0.977s
user	0m30.445s
sys	0m0.060s
Verifying Results...
Serial and parallel output files are DIFFERENT

-------- 10000 Days --------
SERIAL RESULTS

real	0m6.637s
user	0m0.943s
sys	0m0.754s

PARALLEL RESULTS

real	0m9.890s
user	5m10.480s
sys	0m0.716s
Verifying Results...
Serial and parallel output files are DIFFERENT

-------- 100000 Days --------
SERIAL RESULTS

real	0m59.398s
user	0m8.336s
sys	0m6.369s

PARALLELL RESULTS

real	1m37.204s
user	50m46.355s
sys	0m7.105s
Verifying Results...
Serial and parallel output files are DIFFERENT

-------- 1000000 Days --------
SERIAL RESULTS

real	10m17.608s
user	1m31.393s
sys	1m19.047s

PARALLEL RESULTS

real	16m26.293s
user	516m3.509s
sys	1m4.484s
Verifying Results...
Serial and parallel output files are DIFFERENT

Finished Parallel2_O3
